HI-TECH Software C Compiler 

Linker command line:

--edf=f:\program files (x86)\fmd\fmdide\data\dat\en_msgs.txt -cs -h+1.sym \
  -z -Q16F685 -ol.obj -M1.map -E1 -ACONST=00h-0FFhx8 -ACODE=00h-07FFh \
  -ASTRCODE=00h-07FFh -AENTRY=00h-0FFhx8 -ASTRING=00h-0FFhx8 \
  -ABANK0=020h-06Fh -ABANK1=0A0h-0BFh -ARAM=020h-06Fh,0A0h-0BFh \
  -AABS1=020h-07Fh,0A0h-0BFh -ACOMMON=070h-07Fh -ASFR0=00h-01Fh \
  -ASFR1=080h-09Fh -preset_vec=00h,intentry=04h,init,end_init \
  -ppowerup=CODE -pfunctab=CODE -ACONFIG=02007h-02007h -pconfig=CONFIG \
  -DCONFIG=2 -AIDLOC=02000h-02003h -pidloc=IDLOC -DIDLOC=2 \
  -AEEDATA=00h-0FFh/02100h -peeprom_data=EEDATA -DEEDATA=2 -DCODE=2 \
  -DSTRCODE=2 -DSTRING=2 -DCONST=2 -DENTRY=2 -k startup.obj 1.obj 

Object code version is 3.10

Machine type is 16F685



                Name                               Link     Load   Length Selector   Space Scale
startup.obj     end_init                              F        F        1        8       0
                reset_vec                             0        0        1        0       0
1.obj           intentry                              4        4        B        8       0
                text697                             6F4      6F4        3      DE0       0
                text696                             6F7      6F7        1      DE0       0
                text695                             442      442       B5        8       0
                text694                             68E      68E       13        8       0
                text693                             661      661       19        8       0
                text692                             6F0      6F0        4      DE0       0
                text691                             608      608       40        8       0
                text690                             5C8      5C8       40        8       0
                text689                             588      588       40        8       0
                swtext1                             6EC      6EC        4      DD8       0
                text688                             2B6      2B6      18C        8       0
                text687                              10       10      2A6        8       0
                text686                             6E8      6E8        4        8       0
                text685                             648      648       19        8       0
                text684                             6E3      6E3        5        8       0
                text683                             6C2      6C2        C        8       0
                text682                             6A1      6A1       12        8       0
                text681                             6DD      6DD        6        8       0
                text680                             6D6      6D6        7        8       0
                text679                             4F7      4F7       4F        8       0
                text678                             546      546       42        8       0
                maintext                            67A      67A       14        8       0
                cstackBANK0                          5D       5D        A       20       1
                cstackCOMMON                         76       76        6       70       1
                cstackBANK1                          AF       AF        8       A0       1
                clrtext                             6CE      6CE        8        8       0
                bssBANK1                             A0       A0        F       A0       1
                bssBANK0                             20       20       3D       20       1
                bssCOMMON                            70       70        6       70       1
                cinit                               6B3      6B3        F        8       0
                nvBANK1                              B7       B7        4       A0       1
                nvBANK0                              67       67        3       20       1

TOTAL           Name                               Link     Load   Length     Space
        CLASS   CONST          
                swtext1                             6EC      6EC        4         0

        CLASS   CODE           
                end_init                              F        F        1         0
                intentry                              4        4        B         0
                reset_vec                             0        0        1         0
                text697                             6F4      6F4        3         0
                text696                             6F7      6F7        1         0
                text695                             442      442       B5         0
                text694                             68E      68E       13         0
                text693                             661      661       19         0
                text692                             6F0      6F0        4         0
                text691                             608      608       40         0
                text690                             5C8      5C8       40         0
                text689                             588      588       40         0
                text688                             2B6      2B6      18C         0
                text687                              10       10      2A6         0
                text686                             6E8      6E8        4         0
                text685                             648      648       19         0
                text684                             6E3      6E3        5         0
                text683                             6C2      6C2        C         0
                text682                             6A1      6A1       12         0
                text681                             6DD      6DD        6         0
                text680                             6D6      6D6        7         0
                text679                             4F7      4F7       4F         0
                text678                             546      546       42         0
                maintext                            67A      67A       14         0
                clrtext                             6CE      6CE        8         0
                cinit                               6B3      6B3        F         0

        CLASS   STRCODE        

        CLASS   ENTRY          

        CLASS   STRING         

        CLASS   BANK0          
                cstackBANK0                          5D       5D        A         1
                bssBANK0                             20       20       3D         1
                nvBANK0                              67       67        3         1

        CLASS   BANK1          
                cstackBANK1                          AF       AF        8         1
                bssBANK1                             A0       A0        F         1
                nvBANK1                              B7       B7        4         1

        CLASS   RAM            

        CLASS   ABS1           
                abs_s1                               7E       7E        2         1
                abs_s1                              10E      10E        2         1
                abs_s1                              115      115        2         1
                abs_s1                              118      118        4         1
                abs_s1                              11E      11E        2         1
                abs_s1                              18C      18C        1         1
                abs_s1                              19D      19D        2         1

        CLASS   COMMON         
                cstackCOMMON                         76       76        6         1
                bssCOMMON                            70       70        6         1

        CLASS   SFR0           

        CLASS   SFR1           

        CLASS   CONFIG         

        CLASS   IDLOC          

        CLASS   EEDATA         



SEGMENTS        Name                           Load    Length   Top    Selector   Space  Class     Delta

                reset_vec                      000000  000001  000001         0       0  CODE        2
                intentry                       000004  0006E8  0006EC         8       0  CODE        2
                bssBANK0                       000020  00004A  00006A        20       1  BANK0       1
                bssCOMMON                      000070  00000C  00007C        70       1  COMMON      1
                bssBANK1                       0000A0  00001B  0000BB        A0       1  BANK1       1
                swtext1                        0006EC  000004  0006F0       DD8       0  CONST       2
                text692                        0006F0  000008  0006F8       DE0       0  CODE        2


UNUSED ADDRESS RANGES

        Name                Unused          Largest block    Delta
        BANK0            06A-06F             6           1
        BANK1            0BB-0BF             5           1
        CODE             001-003             3           2
                         6F8-7FF           108
        COMMON           07C-07D             2           1
        CONFIG           2007-2007             1           2
        CONST            001-003             3           2
                         6F8-7FF             8
        EEDATA           2100-21FF           100           2
        ENTRY            001-003             3           2
                         6F8-7FF             8
        IDLOC            2000-2003             4           2
        RAM              06A-06F             6           1
                         0BB-0BF             5
        SFR0             000-01F            20           1
        SFR1             080-09F            20           1
        STRCODE          001-003             3           2
                         6F8-7FF           108
        STRING           001-003             3           2
                         6F8-7FF             8

                                  Symbol Table

??_CH1_EEPROM_Write            cstackCOMMON 078
??_CH2_EEPROM_Write            cstackCOMMON 078
??_CH3_EEPROM_Write            cstackCOMMON 078
??_EEPROM_Read                 cstackBANK1  0B7
??_EEPROM_ReadWord             cstackBANK1  0B2
??_EX_INT_FallingEdge          cstackBANK1  0AF
??_EX_INT_RisingEdge           cstackCOMMON 076
??_IAPRead                     cstackBANK1  0AF
??_IAPWrite                    cstackCOMMON 077
??_INT_INITIAL                 cstackBANK1  0AF
??_ISR                         cstackBANK0  05D
??_KEY                         cstackCOMMON 078
??_KEYSCAN                     cstackCOMMON 076
??_OSC_INIT                    cstackBANK1  0AF
??_TIMER0_INITIAL              cstackBANK1  0AF
??_TIMER2_INITIAL              cstackBANK1  0AF
??_WDT_INITIAL                 cstackBANK1  0AF
??___wmul                      cstackCOMMON 07A
??_led1_debug                  cstackCOMMON 076
??_main                        cstackBANK1  0B7
??i1_EX_INT_FallingEdge        cstackCOMMON 076
?_CH1_EEPROM_Write             cstackCOMMON 076
?_CH2_EEPROM_Write             cstackCOMMON 076
?_CH3_EEPROM_Write             cstackCOMMON 076
?_EEPROM_Read                  cstackCOMMON 076
?_EEPROM_ReadWord              cstackBANK1  0B1
?_EX_INT_FallingEdge           cstackCOMMON 076
?_EX_INT_RisingEdge            cstackCOMMON 076
?_IAPRead                      cstackCOMMON 076
?_IAPWrite                     cstackCOMMON 076
?_INT_INITIAL                  cstackCOMMON 076
?_ISR                          cstackCOMMON 076
?_KEY                          cstackCOMMON 076
?_KEYSCAN                      cstackCOMMON 076
?_OSC_INIT                     cstackCOMMON 076
?_TIMER0_INITIAL               cstackCOMMON 076
?_TIMER2_INITIAL               cstackCOMMON 076
?_WDT_INITIAL                  cstackCOMMON 076
?___wmul                       cstackCOMMON 076
?_led1_debug                   cstackCOMMON 076
?_main                         cstackCOMMON 076
?i1_EX_INT_FallingEdge         cstackCOMMON 076
EEPROM_ReadWord@buff           cstackBANK1  0B6
EEPROM_ReadWord@data           cstackBANK1  0B1
IAPRead@EEAddr                 cstackBANK1  0AF
IAPRead@ReEEPROMread           cstackBANK1  0B0
IAPWrite@Data                  cstackCOMMON 076
IAPWrite@EEAddr                cstackCOMMON 077
_ANS0                          (abs)        8F0
_ANS1                          (abs)        8F1
_ANS10                         (abs)        8FA
_ANS11                         (abs)        8FB
_ANS2                          (abs)        8F2
_ANS3                          (abs)        8F3
_ANS4                          (abs)        8F4
_ANS5                          (abs)        8F5
_ANS6                          (abs)        8F6
_ANS7                          (abs)        8F7
_ANS8                          (abs)        8F8
_ANS9                          (abs)        8F9
_ANSEL                         (abs)        11E
_ANSELH                        (abs)        11F
_C1CH0                         (abs)        8C8
_C1CH1                         (abs)        8C9
_C1OE                          (abs)        8CD
_C1ON                          (abs)        8CF
_C1OUT                         (abs)        8CE
_C1POL                         (abs)        8CC
_C1R                           (abs)        8CA
_C1SEN                         (abs)        CF5
_C1VREN                        (abs)        8C7
_C2CH0                         (abs)        8D0
_C2CH1                         (abs)        8D1
_C2OE                          (abs)        8D5
_C2ON                          (abs)        8D7
_C2OUT                         (abs)        8D6
_C2POL                         (abs)        8D4
_C2R                           (abs)        8D2
_C2REN                         (abs)        CF4
_C2SYNC                        (abs)        8D8
_C2VREN                        (abs)        8C6
_CH1_EEPROM_Write              text691      608
_CH1_remotekey                 bssBANK0     02D
_CH1_remotekey_Latest          nvBANK1      0B7
_CH1_remotekey_num             nvBANK0      067
_CH2_EEPROM_Write              text690      5C8
_CH2_remotekey                 bssBANK0     03D
_CH2_remotekey_Latest          nvBANK1      0B8
_CH2_remotekey_num             nvBANK0      068
_CH3_EEPROM_Write              text689      588
_CH3_remotekey                 bssBANK0     04D
_CH3_remotekey_Latest          nvBANK1      0B9
_CH3_remotekey_num             nvBANK0      069
_CM1CON0                       (abs)        119
_CM2CON0                       (abs)        11A
_CM2CON1                       (abs)        11B
_Ctrl_remotekey                bssBANK1     0A0
_EEADR                         (abs)        09B
_EEADRH                        (abs)        10F
_EECON1                        (abs)        09C
_EEDAT                         (abs)        09A
_EEDATH                        (abs)        10E
_EEIF                          (abs)        067
_EEPGD                         (abs)        C67
_EEPROM_Read                   text678      546
_EEPROM_ReadWord               text679      4F7
_EE_Buff                       nvBANK1      0BA
_EX_INT_FallingEdge            text686      6E8
_EX_INT_RisingEdge             text697      6F4
_FLAGs                         bssCOMMON    072
_GIE                           (abs)        05F
_HIndata                       bssBANK1     0A8
_IAPRead                       text681      6DD
_IAPWrite                      text694      68E
_INTCON                        (abs)        00B
_INTE                          (abs)        05C
_INTEDG                        (abs)        40E
_INTF                          (abs)        059
_INT_INITIAL                   text680      6D6
_IOCA2                         (abs)        4B2
_IOCB                          (abs)        116
_IOCB4                         (abs)        8B4
_IOCB5                         (abs)        8B5
_IOCB6                         (abs)        8B6
_IOCB7                         (abs)        8B7
_ISR                           text687      010
_Indata                        bssBANK1     0AA
_KEY                           text688      2B6
_KEY1_LongPress                bssCOMMON    073
_KEY2_LongPress                bssCOMMON    074
_KEY3_LongPress                bssBANK0     024
_KEYSCAN                       text695      442
_KEY_Match_counter             bssBANK0     025
_LIndata                       bssBANK1     0AC
_LONGPRESS_OverTime_Counter    bssBANK0     026
_MC1OUT                        (abs)        8DF
_MC2OUT                        (abs)        8DE
_Match_remotekey               bssBANK0     020
_OPTION                        (abs)        081
_OSCCON                        (abs)        08F
_OSC_INIT                      text685      648
_PA2                           (abs)        02A
_PA3                           (abs)        02B
_PA4                           (abs)        02C
_PA5                           (abs)        02D
_PA6                           (abs)        02E
_PA7                           (abs)        02F
_PC0                           (abs)        038
_PC4                           (abs)        03C
_PC5                           (abs)        03D
_PEIE                          (abs)        05E
_PORTA                         (abs)        005
_PORTC                         (abs)        007
_PR2H                          (abs)        092
_PR2L                          (abs)        091
_PRESSED                       bssCOMMON    075
_PRESS_FLAG                    bssBANK0     027
_PSA                           (abs)        40B
_PSINKA                        (abs)        097
_PSINKC                        (abs)        09F
_PSRCA                         (abs)        088
_PSRCC                         (abs)        094
_PSTRCON                       (abs)        19D
_PULSR                         (abs)        CF2
_PULSS                         (abs)        CF3
_RD                            (abs)        4E0
_SR0                           (abs)        CF6
_SR1                           (abs)        CF7
_SRCON                         (abs)        19E
_STRA                          (abs)        CE8
_STRB                          (abs)        CE9
_STRC                          (abs)        CEA
_STRD                          (abs)        CEB
_STRSYNC                       (abs)        CEC
_T0CS                          (abs)        40D
_T0IE                          (abs)        05D
_T0IF                          (abs)        05A
_T1GSS                         (abs)        8D9
_T2CON0                        (abs)        012
_T2CON1                        (abs)        09E
_TIMER0_INITIAL                text683      6C2
_TIMER2_INITIAL                text682      6A1
_TMR0                          (abs)        001
_TMR2H                         (abs)        013
_TMR2IE                        (abs)        461
_TMR2IF                        (abs)        061
_TMR2L                         (abs)        011
_TMR2ON                        (abs)        092
_TRISA                         (abs)        085
_TRISA2                        (abs)        42A
_TRISC                         (abs)        087
_VP6EN                         (abs)        8C4
_VR0                           (abs)        8C0
_VR1                           (abs)        8C1
_VR2                           (abs)        8C2
_VR3                           (abs)        8C3
_VRCON                         (abs)        118
_VRR                           (abs)        8C5
_WDTCON                        (abs)        018
_WDT_INITIAL                   text684      6E3
_WPUA                          (abs)        095
_WPUB                          (abs)        115
_WPUB4                         (abs)        8AC
_WPUB5                         (abs)        8AD
_WPUB6                         (abs)        8AE
_WPUB7                         (abs)        8AF
_WPUC                          (abs)        093
_WR                            (abs)        4E8
_WREN                          (abs)        C62
__Habs1                        abs1         000
__Hbank0                       bank0        000
__Hbank1                       bank1        000
__HbssBANK0                    bssBANK0     000
__HbssBANK1                    bssBANK1     000
__HbssCOMMON                   bssCOMMON    000
__Hcinit                       cinit        000
__Hclrtext                     clrtext      000
__Hcode                        code         000
__Hcommon                      common       000
__Hconfig                      config       000
__HcstackBANK0                 cstackBANK0  000
__HcstackBANK1                 cstackBANK1  000
__HcstackCOMMON                cstackCOMMON 000
__Heeprom_data                 eeprom_data  000
__Hend_init                    end_init     010
__Hfunctab                     functab      000
__Hidloc                       idloc        000
__Hinit                        init         00F
__Hintentry                    intentry     00F
__Hmaintext                    maintext     000
__HnvBANK0                     nvBANK0      000
__HnvBANK1                     nvBANK1      000
__Hpa_nodes                    pa_nodes     000
__Hpowerup                     powerup      000
__Hram                         ram          000
__Hreset_vec                   reset_vec    001
__Hsfr0                        sfr0         000
__Hsfr1                        sfr1         000
__Hstrings                     strings      000
__Htext                        text         000
__Labs1                        abs1         000
__Lbank0                       bank0        000
__Lbank1                       bank1        000
__LbssBANK0                    bssBANK0     000
__LbssBANK1                    bssBANK1     000
__LbssCOMMON                   bssCOMMON    000
__Lcinit                       cinit        000
__Lclrtext                     clrtext      000
__Lcode                        code         000
__Lcommon                      common       000
__Lconfig                      config       000
__LcstackBANK0                 cstackBANK0  000
__LcstackBANK1                 cstackBANK1  000
__LcstackCOMMON                cstackCOMMON 000
__Leeprom_data                 eeprom_data  000
__Lend_init                    end_init     00F
__Lfunctab                     functab      000
__Lidloc                       idloc        000
__Linit                        init         00F
__Lintentry                    intentry     004
__Lmaintext                    maintext     000
__LnvBANK0                     nvBANK0      000
__LnvBANK1                     nvBANK1      000
__Lpa_nodes                    pa_nodes     000
__Lpowerup                     powerup      000
__Lram                         ram          000
__Lreset_vec                   reset_vec    000
__Lsfr0                        sfr0         000
__Lsfr1                        sfr1         000
__Lstrings                     strings      000
__Ltext                        text         000
__S0                           (abs)        6F8
__S1                           (abs)        0BB
__S2                           (abs)        000
___wmul                        text693      661
___wmul@multiplicand           cstackCOMMON 078
___wmul@multiplier             cstackCOMMON 076
___wmul@product                cstackCOMMON 07A
__end_of_CH1_EEPROM_Write      text691      648
__end_of_CH2_EEPROM_Write      text690      608
__end_of_CH3_EEPROM_Write      text689      5C8
__end_of_EEPROM_Read           text678      588
__end_of_EEPROM_ReadWord       text679      511
__end_of_EX_INT_FallingEdge    text686      6EC
__end_of_EX_INT_RisingEdge     text697      6F7
__end_of_IAPRead               text681      6E3
__end_of_IAPWrite              text694      6A1
__end_of_INT_INITIAL           text680      6DD
__end_of_ISR                   text687      266
__end_of_KEY                   text688      42F
__end_of_KEYSCAN               text695      4F7
__end_of_OSC_INIT              text685      661
__end_of_TIMER0_INITIAL        text683      6CE
__end_of_TIMER2_INITIAL        text682      6B3
__end_of_WDT_INITIAL           text684      6E8
__end_of___wmul                text693      67A
__end_of_led1_debug            text696      6F8
__end_of_main                  maintext     68E
__end_ofi1_EX_INT_FallingEdge  text692      6F4
__pbssBANK0                    bssBANK0     020
__pbssBANK1                    bssBANK1     0A0
__pbssCOMMON                   bssCOMMON    070
__pcstackBANK0                 cstackBANK0  05D
__pcstackBANK1                 cstackBANK1  0AF
__pcstackCOMMON                cstackCOMMON 076
__pintentry                    intentry     004
__pmaintext                    maintext     67A
__pnvBANK0                     nvBANK0      067
__pnvBANK1                     nvBANK1      0B7
__pswtext1                     swtext1      6EC
__ptext677                     text677      000
__ptext678                     text678      546
__ptext679                     text679      4F7
__ptext680                     text680      6D6
__ptext681                     text681      6DD
__ptext682                     text682      6A1
__ptext683                     text683      6C2
__ptext684                     text684      6E3
__ptext685                     text685      648
__ptext686                     text686      6E8
__ptext687                     text687      010
__ptext688                     text688      2B6
__ptext689                     text689      588
__ptext690                     text690      5C8
__ptext691                     text691      608
__ptext692                     text692      6F0
__ptext693                     text693      661
__ptext694                     text694      68E
__ptext695                     text695      442
__ptext696                     text696      6F7
__ptext697                     text697      6F4
__ptext698                     text698      000
__size_of_CH1_EEPROM_Write     (abs)        000
__size_of_CH2_EEPROM_Write     (abs)        000
__size_of_CH3_EEPROM_Write     (abs)        000
__size_of_EEPROM_Read          (abs)        000
__size_of_EEPROM_ReadWord      (abs)        000
__size_of_EX_INT_FallingEdge   (abs)        000
__size_of_EX_INT_RisingEdge    (abs)        000
__size_of_IAPRead              (abs)        000
__size_of_IAPWrite             (abs)        000
__size_of_INT_INITIAL          (abs)        000
__size_of_ISR                  (abs)        000
__size_of_KEY                  (abs)        000
__size_of_KEYSCAN              (abs)        000
__size_of_OSC_INIT             (abs)        000
__size_of_TIMER0_INITIAL       (abs)        000
__size_of_TIMER2_INITIAL       (abs)        000
__size_of_WDT_INITIAL          (abs)        000
__size_of___wmul               (abs)        000
__size_of_led1_debug           (abs)        000
__size_of_main                 (abs)        000
__size_ofi1_EX_INT_FallingEdge (abs)        000
_buff                          bssCOMMON    070
_exit                          init         00F
_i                             bssBANK1     0AE
_led1_debug                    text696      6F7
_main                          maintext     67A
_match_slice                   bssBANK0     028
_ms16_counter                  bssBANK0     029
_num                           bssBANK0     02A
_remotekey                     bssBANK1     0A4
_remotekey_Receive_num         bssBANK0     02B
_remotekey_slice               bssBANK0     02C
btemp                          (abs)        07E
clear_ram                      clrtext      6CE
end_of_initialization          cinit        6C0
i1_EX_INT_FallingEdge          text692      6F0
i1l1732                                        
i1l2967                                        
i1l2975                                        
i1l2979                                        
i1l2981                                        
i1l2983                                        
i1l2999                                        
i1l3015                                        
i1l3021                                        
i1l3035                                        
i1l3037                                        
i1l3039                                        
i1l3051                                        
i1l3053                                        
i1l3055                                        
i1l3067                                        
i1l3069                                        
i1l3071                                        
i1l3077                                        
i1l3079                                        
i1l3081                                        
i1l3089                                        
i1l3091                                        
i1l3093                                        
i1l3101                                        
i1l3105                                        
i1l3121                                        
i1l3123                                        
i1l3141                                        
i1l3143                                        
i1l3161                                        
i1l3169                                        
i1l3171                                        
i1l3179                                        
i1l3183                                        
i1l3185                                        
i1l3187                                        
i1l3189                                        
i1l3199                                        
i1l3207                                        
i1l3209                                        
i1l3211                                        
i1l3213                                        
i1l3215                                        
i1l3217                                        
i1l3225                                        
i1l3231                                        
i1l3241                                        
i1l3245                                        
i1l3249                                        
i1l3251                                        
i1l3255                                        
i1l3261                                        
i1l3263                                        
i1l3267                                        
i1l3273                                        
i1l3275                                        
i1l3279                                        
i1l3283                                        
i1l3285                                        
i1l3303                                        
i1l3305                                        
i1l3307                                        
i1l3313                                        
i1l3315                                        
i1l3317                                        
i1l3319                                        
i1l3321                                        
i1l3323                                        
i1l3325                                        
i1l3345                                        
i1l3347                                        
i1l3349                                        
i1l3355                                        
i1l3357                                        
i1l3359                                        
i1l3361                                        
i1l3363                                        
i1l3365                                        
i1l3367                                        
i1l3387                                        
i1l3389                                        
i1l3391                                        
i1l3397                                        
i1l3399                                        
i1l3401                                        
i1l3403                                        
i1l3405                                        
i1l3407                                        
i1l3409                                        
i1l3415                                        
i1l3423                                        
i1l3425                                        
i1l3445                                        
i1l3461                                        
i1l3471                                        
i1l3473                                        
i1l3489                                        
i1l3499                                        
i1l3501                                        
i1l3517                                        
i1l3527                                        
i1l3529                                        
i1l3533                                        
i1l3583                                        
i1l3587                                        
i1l3589                                        
i1l3591                                        
i1l3593                                        
i1l3595                                        
i1l3597                                        
i1l3599                                        
i1l3607                                        
i1l3609                                        
i1l3615                                        
i1l942                                         
i1l948                                         
i1l951                                         
i1l975                                         
i1l978                                         
i1l981                                         
i1l984                                         
interrupt_function             intentry     004
intlevel0                      functab      000
intlevel1                      functab      000
intlevel2                      functab      000
intlevel3                      functab      000
intlevel4                      functab      000
intlevel5                      functab      000
l3715                                          
l3717                                          
l3719                                          
l3721                                          
l3723                                          
l3725                                          
l3727                                          
l3729                                          
l3731                                          
l3733                                          
l3735                                          
l3737                                          
l3739                                          
l3741                                          
l3743                                          
l3745                                          
l3747                                          
l3749                                          
l3751                                          
l3753                                          
l3755                                          
l3757                                          
l3759                                          
l3761                                          
l3763                                          
l3765                                          
l3767                                          
l3769                                          
l3771                                          
l3775                                          
l3777                                          
l3779                                          
l3781                                          
l3783                                          
l3785                                          
l3787                                          
l3789                                          
l3791                                          
l3793                                          
l3795                                          
l3797                                          
l3799                                          
l3801                                          
l3803                                          
l3805                                          
l3807                                          
l3809                                          
l3811                                          
l3813                                          
l3815                                          
l3817                                          
l3819                                          
l3821                                          
l3823                                          
l3825                                          
l3827                                          
l3829                                          
l3831                                          
l3833                                          
l945                                           
l951                                           
l954                                           
l957                                           
l960                                           
l963                                           
l966                                           
l987                                           
l990                                           
reset_vec                      reset_vec    000
saved_w                        (abs)        07E
start                          init         00F
start_initialization           cinit        6B3
wtemp0                         (abs)        07E
