HI-TECH Software C Compiler 

Linker command line:

--edf=f:\program files (x86)\fmd\fmdide\data\dat\en_msgs.txt -cs -h+1.sym \
  -z -Q16F685 -ol.obj -M1.map -E1 -ACONST=00h-0FFhx8 -ACODE=00h-07FFh \
  -ASTRCODE=00h-07FFh -AENTRY=00h-0FFhx8 -ASTRING=00h-0FFhx8 \
  -ABANK0=020h-06Fh -ABANK1=0A0h-0BFh -ARAM=020h-06Fh,0A0h-0BFh \
  -AABS1=020h-07Fh,0A0h-0BFh -ACOMMON=070h-07Fh -ASFR0=00h-01Fh \
  -ASFR1=080h-09Fh -preset_vec=00h,intentry=04h,init,end_init \
  -ppowerup=CODE -pfunctab=CODE -ACONFIG=02007h-02007h -pconfig=CONFIG \
  -DCONFIG=2 -AIDLOC=02000h-02003h -pidloc=IDLOC -DIDLOC=2 \
  -AEEDATA=00h-0FFh/02100h -peeprom_data=EEDATA -DEEDATA=2 -DCODE=2 \
  -DSTRCODE=2 -DSTRING=2 -DCONST=2 -DENTRY=2 -k startup.obj 1.obj 

Object code version is 3.10

Machine type is 16F685



                Name                               Link     Load   Length Selector   Space Scale
startup.obj     end_init                              F        F        1        8       0
                reset_vec                             0        0        1        0       0
1.obj           intentry                              4        4        B        8       0
                text716                             6BF      6BF        3      D76       0
                text715                             6C2      6C2        1      D76       0
                text714                             3EB      3EB       BB        8       0
                text713                             659      659       13        8       0
                text712                             62C      62C       19        8       0
                text711                             5F7      5F7       1C        8       0
                text710                             6BB      6BB        4      D76       0
                text709                             5B7      5B7       40        8       0
                text708                             577      577       40        8       0
                text707                             537      537       40        8       0
                swtext1                             6B7      6B7        4      D6E       0
                text706                             264      264      187        8       0
                text705                              10       10      254        8       0
                text704                             6B3      6B3        4        8       0
                text703                             613      613       19        8       0
                text702                             6AE      6AE        5        8       0
                text701                             68D      68D        C        8       0
                text700                             66C      66C       12        8       0
                text699                             6A8      6A8        6        8       0
                text698                             6A1      6A1        7        8       0
                text697                             4A6      4A6       4F        8       0
                text696                             4F5      4F5       42        8       0
                maintext                            645      645       14        8       0
                cstackBANK0                          5D       5D        A       20       1
                cstackCOMMON                         76       76        6       70       1
                cstackBANK1                          AB       AB        8       A0       1
                clrtext                             699      699        8        8       0
                bssBANK1                             A0       A0        B       A0       1
                bssBANK0                             20       20       3D       20       1
                bssCOMMON                            70       70        6       70       1
                cinit                               67E      67E        F        8       0
                nvBANK1                              B3       B3        4       A0       1
                nvBANK0                              67       67        3       20       1

TOTAL           Name                               Link     Load   Length     Space
        CLASS   CONST          
                swtext1                             6B7      6B7        4         0

        CLASS   CODE           
                end_init                              F        F        1         0
                intentry                              4        4        B         0
                reset_vec                             0        0        1         0
                text716                             6BF      6BF        3         0
                text715                             6C2      6C2        1         0
                text714                             3EB      3EB       BB         0
                text713                             659      659       13         0
                text712                             62C      62C       19         0
                text711                             5F7      5F7       1C         0
                text710                             6BB      6BB        4         0
                text709                             5B7      5B7       40         0
                text708                             577      577       40         0
                text707                             537      537       40         0
                text706                             264      264      187         0
                text705                              10       10      254         0
                text704                             6B3      6B3        4         0
                text703                             613      613       19         0
                text702                             6AE      6AE        5         0
                text701                             68D      68D        C         0
                text700                             66C      66C       12         0
                text699                             6A8      6A8        6         0
                text698                             6A1      6A1        7         0
                text697                             4A6      4A6       4F         0
                text696                             4F5      4F5       42         0
                maintext                            645      645       14         0
                clrtext                             699      699        8         0
                cinit                               67E      67E        F         0

        CLASS   STRCODE        

        CLASS   ENTRY          

        CLASS   STRING         

        CLASS   BANK0          
                cstackBANK0                          5D       5D        A         1
                bssBANK0                             20       20       3D         1
                nvBANK0                              67       67        3         1

        CLASS   BANK1          
                cstackBANK1                          AB       AB        8         1
                bssBANK1                             A0       A0        B         1
                nvBANK1                              B3       B3        4         1

        CLASS   RAM            

        CLASS   ABS1           
                abs_s1                               7E       7E        2         1
                abs_s1                              10E      10E        2         1
                abs_s1                              115      115        2         1
                abs_s1                              118      118        4         1
                abs_s1                              11E      11E        2         1
                abs_s1                              18C      18C        1         1
                abs_s1                              19D      19D        2         1

        CLASS   COMMON         
                cstackCOMMON                         76       76        6         1
                bssCOMMON                            70       70        6         1

        CLASS   SFR0           

        CLASS   SFR1           

        CLASS   CONFIG         

        CLASS   IDLOC          

        CLASS   EEDATA         



SEGMENTS        Name                           Load    Length   Top    Selector   Space  Class     Delta

                reset_vec                      000000  000001  000001         0       0  CODE        2
                intentry                       000004  0006B3  0006B7         8       0  CODE        2
                bssBANK0                       000020  00004A  00006A        20       1  BANK0       1
                bssCOMMON                      000070  00000C  00007C        70       1  COMMON      1
                bssBANK1                       0000A0  000017  0000B7        A0       1  BANK1       1
                swtext1                        0006B7  000004  0006BB       D6E       0  CONST       2
                text710                        0006BB  000008  0006C3       D76       0  CODE        2


UNUSED ADDRESS RANGES

        Name                Unused          Largest block    Delta
        BANK0            06A-06F             6           1
        BANK1            0B7-0BF             9           1
        CODE             001-003             3           2
                         6C3-7FF           13D
        COMMON           07C-07D             2           1
        CONFIG           2007-2007             1           2
        CONST            001-003             3           2
                         6C3-7FF            3D
        EEDATA           2100-21FF           100           2
        ENTRY            001-003             3           2
                         6C3-7FF            3D
        IDLOC            2000-2003             4           2
        RAM              06A-06F             6           1
                         0B7-0BF             9
        SFR0             000-01F            20           1
        SFR1             080-09F            20           1
        STRCODE          001-003             3           2
                         6C3-7FF           13D
        STRING           001-003             3           2
                         6C3-7FF            3D

                                  Symbol Table

??_CH1_EEPROM_Write            cstackCOMMON 078
??_CH2_EEPROM_Write            cstackCOMMON 078
??_CH3_EEPROM_Write            cstackCOMMON 078
??_EEPROM_Read                 cstackBANK1  0B3
??_EEPROM_ReadWord             cstackBANK1  0AE
??_EX_INT_FallingEdge          cstackBANK1  0AB
??_EX_INT_RisingEdge           cstackCOMMON 076
??_IAPRead                     cstackBANK1  0AB
??_IAPWrite                    cstackCOMMON 077
??_INT_INITIAL                 cstackBANK1  0AB
??_ISR                         cstackBANK0  05D
??_KEY                         cstackCOMMON 078
??_KEYSCAN                     cstackCOMMON 076
??_OSC_INIT                    cstackBANK1  0AB
??_TIMER0_INITIAL              cstackBANK1  0AB
??_TIMER2_INITIAL              cstackBANK1  0AB
??_WDT_INITIAL                 cstackBANK1  0AB
??___lbmod                     cstackCOMMON 077
??___wmul                      cstackCOMMON 07A
??_led1_debug                  cstackCOMMON 076
??_main                        cstackBANK1  0B3
??i1_EX_INT_FallingEdge        cstackCOMMON 076
?_CH1_EEPROM_Write             cstackCOMMON 076
?_CH2_EEPROM_Write             cstackCOMMON 076
?_CH3_EEPROM_Write             cstackCOMMON 076
?_EEPROM_Read                  cstackCOMMON 076
?_EEPROM_ReadWord              cstackBANK1  0AD
?_EX_INT_FallingEdge           cstackCOMMON 076
?_EX_INT_RisingEdge            cstackCOMMON 076
?_IAPRead                      cstackCOMMON 076
?_IAPWrite                     cstackCOMMON 076
?_INT_INITIAL                  cstackCOMMON 076
?_ISR                          cstackCOMMON 076
?_KEY                          cstackCOMMON 076
?_KEYSCAN                      cstackCOMMON 076
?_OSC_INIT                     cstackCOMMON 076
?_TIMER0_INITIAL               cstackCOMMON 076
?_TIMER2_INITIAL               cstackCOMMON 076
?_WDT_INITIAL                  cstackCOMMON 076
?___lbmod                      cstackCOMMON 076
?___wmul                       cstackCOMMON 076
?_led1_debug                   cstackCOMMON 076
?_main                         cstackCOMMON 076
?i1_EX_INT_FallingEdge         cstackCOMMON 076
EEPROM_ReadWord@buff           cstackBANK1  0B2
EEPROM_ReadWord@data           cstackBANK1  0AD
IAPRead@EEAddr                 cstackBANK1  0AB
IAPRead@ReEEPROMread           cstackBANK1  0AC
IAPWrite@Data                  cstackCOMMON 076
IAPWrite@EEAddr                cstackCOMMON 077
_ANS0                          (abs)        8F0
_ANS1                          (abs)        8F1
_ANS10                         (abs)        8FA
_ANS11                         (abs)        8FB
_ANS2                          (abs)        8F2
_ANS3                          (abs)        8F3
_ANS4                          (abs)        8F4
_ANS5                          (abs)        8F5
_ANS6                          (abs)        8F6
_ANS7                          (abs)        8F7
_ANS8                          (abs)        8F8
_ANS9                          (abs)        8F9
_ANSEL                         (abs)        11E
_ANSELH                        (abs)        11F
_C1CH0                         (abs)        8C8
_C1CH1                         (abs)        8C9
_C1OE                          (abs)        8CD
_C1ON                          (abs)        8CF
_C1OUT                         (abs)        8CE
_C1POL                         (abs)        8CC
_C1R                           (abs)        8CA
_C1SEN                         (abs)        CF5
_C1VREN                        (abs)        8C7
_C2CH0                         (abs)        8D0
_C2CH1                         (abs)        8D1
_C2OE                          (abs)        8D5
_C2ON                          (abs)        8D7
_C2OUT                         (abs)        8D6
_C2POL                         (abs)        8D4
_C2R                           (abs)        8D2
_C2REN                         (abs)        CF4
_C2SYNC                        (abs)        8D8
_C2VREN                        (abs)        8C6
_CH1_EEPROM_Write              text709      5B7
_CH1_remotekey                 bssBANK0     02D
_CH1_remotekey_Latest          nvBANK1      0B3
_CH1_remotekey_num             nvBANK0      067
_CH2_EEPROM_Write              text708      577
_CH2_remotekey                 bssBANK0     03D
_CH2_remotekey_Latest          nvBANK1      0B4
_CH2_remotekey_num             nvBANK0      068
_CH3_EEPROM_Write              text707      537
_CH3_remotekey                 bssBANK0     04D
_CH3_remotekey_Latest          nvBANK1      0B5
_CH3_remotekey_num             nvBANK0      069
_CM1CON0                       (abs)        119
_CM2CON0                       (abs)        11A
_CM2CON1                       (abs)        11B
_Ctrl_remotekey                bssBANK1     0A0
_EEADR                         (abs)        09B
_EEADRH                        (abs)        10F
_EECON1                        (abs)        09C
_EEDAT                         (abs)        09A
_EEDATH                        (abs)        10E
_EEIF                          (abs)        067
_EEPGD                         (abs)        C67
_EEPROM_Read                   text696      4F5
_EEPROM_ReadWord               text697      4A6
_EE_Buff                       nvBANK1      0B6
_EX_INT_FallingEdge            text704      6B3
_EX_INT_RisingEdge             text716      6BF
_FLAGs                         bssCOMMON    074
_GIE                           (abs)        05F
_IAPRead                       text699      6A8
_IAPWrite                      text713      659
_INTCON                        (abs)        00B
_INTE                          (abs)        05C
_INTEDG                        (abs)        40E
_INTF                          (abs)        059
_INT_INITIAL                   text698      6A1
_IOCA2                         (abs)        4B2
_IOCB                          (abs)        116
_IOCB4                         (abs)        8B4
_IOCB5                         (abs)        8B5
_IOCB6                         (abs)        8B6
_IOCB7                         (abs)        8B7
_ISR                           text705      010
_Indata                        bssBANK1     0A8
_KEY                           text706      264
_KEY1_LongPress                bssBANK0     022
_KEY2_LongPress                bssBANK0     023
_KEY3_LongPress                bssBANK0     024
_KEYSCAN                       text714      3EB
_KEY_Match_counter             bssBANK0     025
_Key_dealed_counter            bssBANK0     026
_LONGPRESS_OverTime_Counter    bssBANK1     0AA
_MC1OUT                        (abs)        8DF
_MC2OUT                        (abs)        8DE
_Match_remotekey               bssCOMMON    070
_OPTION                        (abs)        081
_OSCCON                        (abs)        08F
_OSC_INIT                      text703      613
_PA2                           (abs)        02A
_PA3                           (abs)        02B
_PA4                           (abs)        02C
_PA5                           (abs)        02D
_PA6                           (abs)        02E
_PA7                           (abs)        02F
_PC0                           (abs)        038
_PC4                           (abs)        03C
_PC5                           (abs)        03D
_PEIE                          (abs)        05E
_PORTA                         (abs)        005
_PORTC                         (abs)        007
_PR2H                          (abs)        092
_PR2L                          (abs)        091
_PRESSED                       bssCOMMON    075
_PRESS_FLAG                    bssBANK0     027
_PSA                           (abs)        40B
_PSINKA                        (abs)        097
_PSINKC                        (abs)        09F
_PSRCA                         (abs)        088
_PSRCC                         (abs)        094
_PSTRCON                       (abs)        19D
_PULSR                         (abs)        CF2
_PULSS                         (abs)        CF3
_RD                            (abs)        4E0
_SR0                           (abs)        CF6
_SR1                           (abs)        CF7
_SRCON                         (abs)        19E
_STRA                          (abs)        CE8
_STRB                          (abs)        CE9
_STRC                          (abs)        CEA
_STRD                          (abs)        CEB
_STRSYNC                       (abs)        CEC
_T0CS                          (abs)        40D
_T0IE                          (abs)        05D
_T0IF                          (abs)        05A
_T1GSS                         (abs)        8D9
_T2CON0                        (abs)        012
_T2CON1                        (abs)        09E
_TIMER0_INITIAL                text701      68D
_TIMER2_INITIAL                text700      66C
_TMR0                          (abs)        001
_TMR2H                         (abs)        013
_TMR2IE                        (abs)        461
_TMR2IF                        (abs)        061
_TMR2L                         (abs)        011
_TMR2ON                        (abs)        092
_TRISA                         (abs)        085
_TRISA2                        (abs)        42A
_TRISC                         (abs)        087
_VP6EN                         (abs)        8C4
_VR0                           (abs)        8C0
_VR1                           (abs)        8C1
_VR2                           (abs)        8C2
_VR3                           (abs)        8C3
_VRCON                         (abs)        118
_VRR                           (abs)        8C5
_WDTCON                        (abs)        018
_WDT_INITIAL                   text702      6AE
_WPUA                          (abs)        095
_WPUB                          (abs)        115
_WPUB4                         (abs)        8AC
_WPUB5                         (abs)        8AD
_WPUB6                         (abs)        8AE
_WPUB7                         (abs)        8AF
_WPUC                          (abs)        093
_WR                            (abs)        4E8
_WREN                          (abs)        C62
__Habs1                        abs1         000
__Hbank0                       bank0        000
__Hbank1                       bank1        000
__HbssBANK0                    bssBANK0     000
__HbssBANK1                    bssBANK1     000
__HbssCOMMON                   bssCOMMON    000
__Hcinit                       cinit        000
__Hclrtext                     clrtext      000
__Hcode                        code         000
__Hcommon                      common       000
__Hconfig                      config       000
__HcstackBANK0                 cstackBANK0  000
__HcstackBANK1                 cstackBANK1  000
__HcstackCOMMON                cstackCOMMON 000
__Heeprom_data                 eeprom_data  000
__Hend_init                    end_init     010
__Hfunctab                     functab      000
__Hidloc                       idloc        000
__Hinit                        init         00F
__Hintentry                    intentry     00F
__Hmaintext                    maintext     000
__HnvBANK0                     nvBANK0      000
__HnvBANK1                     nvBANK1      000
__Hpa_nodes                    pa_nodes     000
__Hpowerup                     powerup      000
__Hram                         ram          000
__Hreset_vec                   reset_vec    001
__Hsfr0                        sfr0         000
__Hsfr1                        sfr1         000
__Hstrings                     strings      000
__Htext                        text         000
__Labs1                        abs1         000
__Lbank0                       bank0        000
__Lbank1                       bank1        000
__LbssBANK0                    bssBANK0     000
__LbssBANK1                    bssBANK1     000
__LbssCOMMON                   bssCOMMON    000
__Lcinit                       cinit        000
__Lclrtext                     clrtext      000
__Lcode                        code         000
__Lcommon                      common       000
__Lconfig                      config       000
__LcstackBANK0                 cstackBANK0  000
__LcstackBANK1                 cstackBANK1  000
__LcstackCOMMON                cstackCOMMON 000
__Leeprom_data                 eeprom_data  000
__Lend_init                    end_init     00F
__Lfunctab                     functab      000
__Lidloc                       idloc        000
__Linit                        init         00F
__Lintentry                    intentry     004
__Lmaintext                    maintext     000
__LnvBANK0                     nvBANK0      000
__LnvBANK1                     nvBANK1      000
__Lpa_nodes                    pa_nodes     000
__Lpowerup                     powerup      000
__Lram                         ram          000
__Lreset_vec                   reset_vec    000
__Lsfr0                        sfr0         000
__Lsfr1                        sfr1         000
__Lstrings                     strings      000
__Ltext                        text         000
__S0                           (abs)        6C3
__S1                           (abs)        0B7
__S2                           (abs)        000
___lbmod                       text711      5F7
___lbmod@counter               cstackCOMMON 079
___lbmod@dividend              cstackCOMMON 078
___lbmod@divisor               cstackCOMMON 076
___lbmod@rem                   cstackCOMMON 07A
___wmul                        text712      62C
___wmul@multiplicand           cstackCOMMON 078
___wmul@multiplier             cstackCOMMON 076
___wmul@product                cstackCOMMON 07A
__end_of_CH1_EEPROM_Write      text709      5F7
__end_of_CH2_EEPROM_Write      text708      5B7
__end_of_CH3_EEPROM_Write      text707      577
__end_of_EEPROM_Read           text696      537
__end_of_EEPROM_ReadWord       text697      4C0
__end_of_EX_INT_FallingEdge    text704      6B7
__end_of_EX_INT_RisingEdge     text716      6C2
__end_of_IAPRead               text699      6AE
__end_of_IAPWrite              text713      66C
__end_of_INT_INITIAL           text698      6A8
__end_of_ISR                   text705      224
__end_of_KEY                   text706      3D7
__end_of_KEYSCAN               text714      4A6
__end_of_OSC_INIT              text703      62C
__end_of_TIMER0_INITIAL        text701      699
__end_of_TIMER2_INITIAL        text700      67E
__end_of_WDT_INITIAL           text702      6B3
__end_of___lbmod               text711      613
__end_of___wmul                text712      645
__end_of_led1_debug            text715      6C3
__end_of_main                  maintext     659
__end_ofi1_EX_INT_FallingEdge  text710      6BF
__pbssBANK0                    bssBANK0     020
__pbssBANK1                    bssBANK1     0A0
__pbssCOMMON                   bssCOMMON    070
__pcstackBANK0                 cstackBANK0  05D
__pcstackBANK1                 cstackBANK1  0AB
__pcstackCOMMON                cstackCOMMON 076
__pintentry                    intentry     004
__pmaintext                    maintext     645
__pnvBANK0                     nvBANK0      067
__pnvBANK1                     nvBANK1      0B3
__pswtext1                     swtext1      6B7
__ptext695                     text695      000
__ptext696                     text696      4F5
__ptext697                     text697      4A6
__ptext698                     text698      6A1
__ptext699                     text699      6A8
__ptext700                     text700      66C
__ptext701                     text701      68D
__ptext702                     text702      6AE
__ptext703                     text703      613
__ptext704                     text704      6B3
__ptext705                     text705      010
__ptext706                     text706      264
__ptext707                     text707      537
__ptext708                     text708      577
__ptext709                     text709      5B7
__ptext710                     text710      6BB
__ptext711                     text711      5F7
__ptext712                     text712      62C
__ptext713                     text713      659
__ptext714                     text714      3EB
__ptext715                     text715      6C2
__ptext716                     text716      6BF
__ptext717                     text717      000
__size_of_CH1_EEPROM_Write     (abs)        000
__size_of_CH2_EEPROM_Write     (abs)        000
__size_of_CH3_EEPROM_Write     (abs)        000
__size_of_EEPROM_Read          (abs)        000
__size_of_EEPROM_ReadWord      (abs)        000
__size_of_EX_INT_FallingEdge   (abs)        000
__size_of_EX_INT_RisingEdge    (abs)        000
__size_of_IAPRead              (abs)        000
__size_of_IAPWrite             (abs)        000
__size_of_INT_INITIAL          (abs)        000
__size_of_ISR                  (abs)        000
__size_of_KEY                  (abs)        000
__size_of_KEYSCAN              (abs)        000
__size_of_OSC_INIT             (abs)        000
__size_of_TIMER0_INITIAL       (abs)        000
__size_of_TIMER2_INITIAL       (abs)        000
__size_of_WDT_INITIAL          (abs)        000
__size_of___lbmod              (abs)        000
__size_of___wmul               (abs)        000
__size_of_led1_debug           (abs)        000
__size_of_main                 (abs)        000
__size_ofi1_EX_INT_FallingEdge (abs)        000
_buff                          bssBANK0     020
_exit                          init         00F
_led1_debug                    text715      6C2
_main                          maintext     645
_match_slice                   bssBANK0     028
_ms16_counter                  bssBANK0     029
_num                           bssBANK0     02A
_remotekey                     bssBANK1     0A4
_remotekey_Receive_num         bssBANK0     02B
_remotekey_slice               bssBANK0     02C
btemp                          (abs)        07E
clear_ram                      clrtext      699
end_of_initialization          cinit        68B
i1_EX_INT_FallingEdge          text710      6BB
i1l1714                                        
i1l1750                                        
i1l2923                                        
i1l2931                                        
i1l2935                                        
i1l2937                                        
i1l2939                                        
i1l2955                                        
i1l2971                                        
i1l2977                                        
i1l2991                                        
i1l2993                                        
i1l2995                                        
i1l2997                                        
i1l3009                                        
i1l3011                                        
i1l3013                                        
i1l3015                                        
i1l3027                                        
i1l3029                                        
i1l3031                                        
i1l3033                                        
i1l3039                                        
i1l3041                                        
i1l3043                                        
i1l3051                                        
i1l3053                                        
i1l3055                                        
i1l3063                                        
i1l3067                                        
i1l3081                                        
i1l3089                                        
i1l3091                                        
i1l3113                                        
i1l3115                                        
i1l3117                                        
i1l3119                                        
i1l3129                                        
i1l3137                                        
i1l3139                                        
i1l3141                                        
i1l3143                                        
i1l3145                                        
i1l3153                                        
i1l3159                                        
i1l3169                                        
i1l3173                                        
i1l3177                                        
i1l3179                                        
i1l3183                                        
i1l3189                                        
i1l3191                                        
i1l3195                                        
i1l3201                                        
i1l3203                                        
i1l3207                                        
i1l3211                                        
i1l3213                                        
i1l3231                                        
i1l3233                                        
i1l3235                                        
i1l3241                                        
i1l3243                                        
i1l3245                                        
i1l3247                                        
i1l3249                                        
i1l3251                                        
i1l3253                                        
i1l3273                                        
i1l3275                                        
i1l3277                                        
i1l3283                                        
i1l3285                                        
i1l3287                                        
i1l3289                                        
i1l3291                                        
i1l3293                                        
i1l3295                                        
i1l3315                                        
i1l3317                                        
i1l3319                                        
i1l3325                                        
i1l3327                                        
i1l3329                                        
i1l3331                                        
i1l3333                                        
i1l3335                                        
i1l3337                                        
i1l3343                                        
i1l3351                                        
i1l3353                                        
i1l3373                                        
i1l3389                                        
i1l3399                                        
i1l3401                                        
i1l3417                                        
i1l3427                                        
i1l3429                                        
i1l3445                                        
i1l3455                                        
i1l3457                                        
i1l3461                                        
i1l3511                                        
i1l3515                                        
i1l3517                                        
i1l3519                                        
i1l3521                                        
i1l3523                                        
i1l3525                                        
i1l3527                                        
i1l3535                                        
i1l3537                                        
i1l3543                                        
i1l3545                                        
i1l3549                                        
i1l3551                                        
i1l3557                                        
i1l3561                                        
i1l924                                         
i1l930                                         
i1l933                                         
i1l957                                         
i1l960                                         
i1l963                                         
i1l966                                         
interrupt_function             intentry     004
intlevel0                      functab      000
intlevel1                      functab      000
intlevel2                      functab      000
intlevel3                      functab      000
intlevel4                      functab      000
intlevel5                      functab      000
l3665                                          
l3667                                          
l3669                                          
l3671                                          
l3673                                          
l3675                                          
l3677                                          
l3679                                          
l3681                                          
l3683                                          
l3685                                          
l3687                                          
l3689                                          
l3691                                          
l3693                                          
l3695                                          
l3697                                          
l3699                                          
l3701                                          
l3703                                          
l3705                                          
l3707                                          
l3709                                          
l3711                                          
l3713                                          
l3715                                          
l3717                                          
l3719                                          
l3721                                          
l3725                                          
l3727                                          
l3729                                          
l3731                                          
l3733                                          
l3735                                          
l3737                                          
l3739                                          
l3741                                          
l3743                                          
l3745                                          
l3747                                          
l3749                                          
l3751                                          
l3753                                          
l3755                                          
l3757                                          
l3759                                          
l3761                                          
l3763                                          
l3765                                          
l3767                                          
l3769                                          
l3771                                          
l3773                                          
l3775                                          
l3777                                          
l3779                                          
l3781                                          
l3783                                          
l927                                           
l933                                           
l936                                           
l939                                           
l942                                           
l945                                           
l948                                           
l969                                           
l972                                           
reset_vec                      reset_vec    000
saved_w                        (abs)        07E
start                          init         00F
start_initialization           cinit        67E
wtemp0                         (abs)        07E
